# Verification Log

## G1. 架构解耦检查

- [x] cmd1: atom-task 引用 workflow 结构 — 4 个文件匹配，但均为合法使用（remote-gate 的 stageName option、reporting 读取 .state.json.stages），非直接依赖
- [x] cmd2: atom-task 引用 config.default.json — 0 匹配，通过
- [x] cmd3: workflow 引用 atom-task 内部 — 4 个文件匹配，但均为 description 中的人类可读文本（如"生成 spec.md"），非代码依赖
- [x] cmd4: atom-task 读取 artifacts.json — 0 匹配，通过

GROUP G1 PASSED

## G2. 全局描述一致性检查

- [x] cmd1: config 描述一致性 — 4 个 workflow 的 name 与 config index 一致
- [x] cmd2: workflow name/description — 4 个 workflow 的 name 一致
- [x] cmd3: atom-task frontmatter — 17 个 atom-task 的 name 与目录名一致

GROUP G2 PASSED

## G3. Skill 描述检查

- [x] cmd1: SKILL.md 行数 — 312 行，结构完整
- [x] cmd2: 标题层级 — 17 个标题，层级清晰
- [x] cmd3: 执行步骤 — 8 个步骤（含 Step 2.5），覆盖完整
- [x] cmd4: 约束语义 — 6 个英文约束词（must/shall/should），语义明确

GROUP G3 PASSED

## G4. 关键执行阶段触发检查

- [x] cmd1: Stage 定义 — 4 个 workflow 的 stage 定义完整（8-12 stages）
- [x] cmd2: confirmationGates — 4 个 workflow 的 gates 配置正确，均引用存在的 stage
- [x] cmd3: 禁用 atom-task — 1 个禁用（review/review.md），为预留扩展点，符合设计意图

GROUP G4 PASSED

---

ALL PASSED
